15:53:54 **** Incremental Build of configuration Debug for project 07_PI ****
make -j8 all 
arm-none-eabi-size  07_PI.elf 
   text	   data	    bss	    dec	    hex	filename
   6436	     12	   1572	   8020	   1f54	07_PI.elf
Finished building: default.size.stdout
 
15:53:56 **** Incremental Build of configuration Debug for project 07_PI ****
make -j8 all 
arm-none-eabi-size  07_PI.elf 
   text	   data	    bss	    dec	    hex	filename
   6436	     12	   1572	   8020	   1f54	07_PI.elf
Finished building: default.size.stdout
 
