14:59:53 **** Incremental Build of configuration Debug for project 09_STEPPER ****
make -j8 all 
arm-none-eabi-gcc "../Core/Src/main.c" -mcpu=cortex-m4 -std=gnu11 -g3 -DDEBUG -DUSE_HAL_DRIVER -DSTM32F411xE -c -I../Core/Inc -I../Drivers/STM32F4xx_HAL_Driver/Inc -I../Drivers/STM32F4xx_HAL_Driver/Inc/Legacy -I../Drivers/CMSIS/Device/ST/STM32F4xx/Include -I../Drivers/CMSIS/Include -O0 -ffunction-sections -fdata-sections -Wall -fstack-usage -fcyclomatic-complexity -MMD -MP -MF"Core/Src/main.d" -MT"Core/Src/main.o" --specs=nano.specs -mfpu=fpv4-sp-d16 -mfloat-abi=hard -mthumb -o "Core/Src/main.o"
arm-none-eabi-gcc -o "09_STEPPER.elf" @"objects.list"   -mcpu=cortex-m4 -T"/home/psh/workspace_semicon/ARM/09_STEPPER/STM32F411RETX_FLASH.ld" --specs=nosys.specs -Wl,-Map="09_STEPPER.map" -Wl,--gc-sections -static --specs=nano.specs -mfpu=fpv4-sp-d16 -mfloat-abi=hard -mthumb -Wl,--start-group -lc -lm -Wl,--end-group
Finished building target: 09_STEPPER.elf
 
arm-none-eabi-size  09_STEPPER.elf 
arm-none-eabi-objdump -h -S 09_STEPPER.elf  > "09_STEPPER.list"
   text	   data	    bss	    dec	    hex	filename
  11536	     12	   1716	  13264	   33d0	09_STEPPER.elf
Finished building: default.size.stdout
 
Finished building: 09_STEPPER.list
 
15:00:00 **** Incremental Build of configuration Debug for project 09_STEPPER ****
make -j8 all 
arm-none-eabi-size  09_STEPPER.elf 
   text	   data	    bss	    dec	    hex	filename
  11536	     12	   1716	  13264	   33d0	09_STEPPER.elf
Finished building: default.size.stdout
 
15:00:35 **** Incremental Build of configuration Debug for project 09_STEPPER ****
make -j8 all 
arm-none-eabi-gcc "../Core/Src/main.c" -mcpu=cortex-m4 -std=gnu11 -g3 -DDEBUG -DUSE_HAL_DRIVER -DSTM32F411xE -c -I../Core/Inc -I../Drivers/STM32F4xx_HAL_Driver/Inc -I../Drivers/STM32F4xx_HAL_Driver/Inc/Legacy -I../Drivers/CMSIS/Device/ST/STM32F4xx/Include -I../Drivers/CMSIS/Include -O0 -ffunction-sections -fdata-sections -Wall -fstack-usage -fcyclomatic-complexity -MMD -MP -MF"Core/Src/main.d" -MT"Core/Src/main.o" --specs=nano.specs -mfpu=fpv4-sp-d16 -mfloat-abi=hard -mthumb -o "Core/Src/main.o"
arm-none-eabi-gcc -o "09_STEPPER.elf" @"objects.list"   -mcpu=cortex-m4 -T"/home/psh/workspace_semicon/ARM/09_STEPPER/STM32F411RETX_FLASH.ld" --specs=nosys.specs -Wl,-Map="09_STEPPER.map" -Wl,--gc-sections -static --specs=nano.specs -mfpu=fpv4-sp-d16 -mfloat-abi=hard -mthumb -Wl,--start-group -lc -lm -Wl,--end-group
Finished building target: 09_STEPPER.elf
 
arm-none-eabi-size  09_STEPPER.elf 
arm-none-eabi-objdump -h -S 09_STEPPER.elf  > "09_STEPPER.list"
   text	   data	    bss	    dec	    hex	filename
  11536	     12	   1716	  13264	   33d0	09_STEPPER.elf
Finished building: default.size.stdout
 
Finished building: 09_STEPPER.list
 
15:00:38 **** Incremental Build of configuration Debug for project 09_STEPPER ****
make -j8 all 
arm-none-eabi-size  09_STEPPER.elf 
   text	   data	    bss	    dec	    hex	filename
  11536	     12	   1716	  13264	   33d0	09_STEPPER.elf
Finished building: default.size.stdout
 
15:01:06 **** Incremental Build of configuration Debug for project 09_STEPPER ****
make -j8 all 
arm-none-eabi-gcc "../Core/Src/main.c" -mcpu=cortex-m4 -std=gnu11 -g3 -DDEBUG -DUSE_HAL_DRIVER -DSTM32F411xE -c -I../Core/Inc -I../Drivers/STM32F4xx_HAL_Driver/Inc -I../Drivers/STM32F4xx_HAL_Driver/Inc/Legacy -I../Drivers/CMSIS/Device/ST/STM32F4xx/Include -I../Drivers/CMSIS/Include -O0 -ffunction-sections -fdata-sections -Wall -fstack-usage -fcyclomatic-complexity -MMD -MP -MF"Core/Src/main.d" -MT"Core/Src/main.o" --specs=nano.specs -mfpu=fpv4-sp-d16 -mfloat-abi=hard -mthumb -o "Core/Src/main.o"
arm-none-eabi-gcc -o "09_STEPPER.elf" @"objects.list"   -mcpu=cortex-m4 -T"/home/psh/workspace_semicon/ARM/09_STEPPER/STM32F411RETX_FLASH.ld" --specs=nosys.specs -Wl,-Map="09_STEPPER.map" -Wl,--gc-sections -static --specs=nano.specs -mfpu=fpv4-sp-d16 -mfloat-abi=hard -mthumb -Wl,--start-group -lc -lm -Wl,--end-group
Finished building target: 09_STEPPER.elf
 
arm-none-eabi-size  09_STEPPER.elf 
arm-none-eabi-objdump -h -S 09_STEPPER.elf  > "09_STEPPER.list"
   text	   data	    bss	    dec	    hex	filename
  11540	     12	   1716	  13268	   33d4	09_STEPPER.elf
Finished building: default.size.stdout
 
Finished building: 09_STEPPER.list
 
15:01:08 **** Incremental Build of configuration Debug for project 09_STEPPER ****
make -j8 all 
arm-none-eabi-size  09_STEPPER.elf 
   text	   data	    bss	    dec	    hex	filename
  11540	     12	   1716	  13268	   33d4	09_STEPPER.elf
Finished building: default.size.stdout
 
15:02:57 **** Incremental Build of configuration Debug for project 09_STEPPER ****
make -j8 all 
arm-none-eabi-gcc "../Core/Src/main.c" -mcpu=cortex-m4 -std=gnu11 -g3 -DDEBUG -DUSE_HAL_DRIVER -DSTM32F411xE -c -I../Core/Inc -I../Drivers/STM32F4xx_HAL_Driver/Inc -I../Drivers/STM32F4xx_HAL_Driver/Inc/Legacy -I../Drivers/CMSIS/Device/ST/STM32F4xx/Include -I../Drivers/CMSIS/Include -O0 -ffunction-sections -fdata-sections -Wall -fstack-usage -fcyclomatic-complexity -MMD -MP -MF"Core/Src/main.d" -MT"Core/Src/main.o" --specs=nano.specs -mfpu=fpv4-sp-d16 -mfloat-abi=hard -mthumb -o "Core/Src/main.o"
arm-none-eabi-gcc -o "09_STEPPER.elf" @"objects.list"   -mcpu=cortex-m4 -T"/home/psh/workspace_semicon/ARM/09_STEPPER/STM32F411RETX_FLASH.ld" --specs=nosys.specs -Wl,-Map="09_STEPPER.map" -Wl,--gc-sections -static --specs=nano.specs -mfpu=fpv4-sp-d16 -mfloat-abi=hard -mthumb -Wl,--start-group -lc -lm -Wl,--end-group
Finished building target: 09_STEPPER.elf
 
arm-none-eabi-size  09_STEPPER.elf 
arm-none-eabi-objdump -h -S 09_STEPPER.elf  > "09_STEPPER.list"
   text	   data	    bss	    dec	    hex	filename
  11460	     12	   1716	  13188	   3384	09_STEPPER.elf
Finished building: default.size.stdout
 
Finished building: 09_STEPPER.list
 
15:02:59 **** Incremental Build of configuration Debug for project 09_STEPPER ****
make -j8 all 
arm-none-eabi-size  09_STEPPER.elf 
   text	   data	    bss	    dec	    hex	filename
  11460	     12	   1716	  13188	   3384	09_STEPPER.elf
Finished building: default.size.stdout
 
15:03:22 **** Incremental Build of configuration Debug for project 09_STEPPER ****
make -j8 all 
arm-none-eabi-gcc "../Core/Src/main.c" -mcpu=cortex-m4 -std=gnu11 -g3 -DDEBUG -DUSE_HAL_DRIVER -DSTM32F411xE -c -I../Core/Inc -I../Drivers/STM32F4xx_HAL_Driver/Inc -I../Drivers/STM32F4xx_HAL_Driver/Inc/Legacy -I../Drivers/CMSIS/Device/ST/STM32F4xx/Include -I../Drivers/CMSIS/Include -O0 -ffunction-sections -fdata-sections -Wall -fstack-usage -fcyclomatic-complexity -MMD -MP -MF"Core/Src/main.d" -MT"Core/Src/main.o" --specs=nano.specs -mfpu=fpv4-sp-d16 -mfloat-abi=hard -mthumb -o "Core/Src/main.o"
arm-none-eabi-gcc -o "09_STEPPER.elf" @"objects.list"   -mcpu=cortex-m4 -T"/home/psh/workspace_semicon/ARM/09_STEPPER/STM32F411RETX_FLASH.ld" --specs=nosys.specs -Wl,-Map="09_STEPPER.map" -Wl,--gc-sections -static --specs=nano.specs -mfpu=fpv4-sp-d16 -mfloat-abi=hard -mthumb -Wl,--start-group -lc -lm -Wl,--end-group
Finished building target: 09_STEPPER.elf
 
arm-none-eabi-size  09_STEPPER.elf 
arm-none-eabi-objdump -h -S 09_STEPPER.elf  > "09_STEPPER.list"
   text	   data	    bss	    dec	    hex	filename
  11460	     12	   1716	  13188	   3384	09_STEPPER.elf
Finished building: default.size.stdout
 
Finished building: 09_STEPPER.list
 
15:03:24 **** Incremental Build of configuration Debug for project 09_STEPPER ****
make -j8 all 
arm-none-eabi-size  09_STEPPER.elf 
   text	   data	    bss	    dec	    hex	filename
  11460	     12	   1716	  13188	   3384	09_STEPPER.elf
Finished building: default.size.stdout
 
15:03:38 **** Incremental Build of configuration Debug for project 09_STEPPER ****
make -j8 all 
arm-none-eabi-gcc "../Core/Src/main.c" -mcpu=cortex-m4 -std=gnu11 -g3 -DDEBUG -DUSE_HAL_DRIVER -DSTM32F411xE -c -I../Core/Inc -I../Drivers/STM32F4xx_HAL_Driver/Inc -I../Drivers/STM32F4xx_HAL_Driver/Inc/Legacy -I../Drivers/CMSIS/Device/ST/STM32F4xx/Include -I../Drivers/CMSIS/Include -O0 -ffunction-sections -fdata-sections -Wall -fstack-usage -fcyclomatic-complexity -MMD -MP -MF"Core/Src/main.d" -MT"Core/Src/main.o" --specs=nano.specs -mfpu=fpv4-sp-d16 -mfloat-abi=hard -mthumb -o "Core/Src/main.o"
arm-none-eabi-gcc -o "09_STEPPER.elf" @"objects.list"   -mcpu=cortex-m4 -T"/home/psh/workspace_semicon/ARM/09_STEPPER/STM32F411RETX_FLASH.ld" --specs=nosys.specs -Wl,-Map="09_STEPPER.map" -Wl,--gc-sections -static --specs=nano.specs -mfpu=fpv4-sp-d16 -mfloat-abi=hard -mthumb -Wl,--start-group -lc -lm -Wl,--end-group
Finished building target: 09_STEPPER.elf
 
arm-none-eabi-size  09_STEPPER.elf 
arm-none-eabi-objdump -h -S 09_STEPPER.elf  > "09_STEPPER.list"
   text	   data	    bss	    dec	    hex	filename
  11460	     12	   1716	  13188	   3384	09_STEPPER.elf
Finished building: default.size.stdout
 
Finished building: 09_STEPPER.list
 
15:03:42 **** Incremental Build of configuration Debug for project 09_STEPPER ****
make -j8 all 
arm-none-eabi-size  09_STEPPER.elf 
   text	   data	    bss	    dec	    hex	filename
  11460	     12	   1716	  13188	   3384	09_STEPPER.elf
Finished building: default.size.stdout
 
15:04:10 **** Incremental Build of configuration Debug for project 09_STEPPER ****
make -j8 all 
arm-none-eabi-gcc "../Core/Src/main.c" -mcpu=cortex-m4 -std=gnu11 -g3 -DDEBUG -DUSE_HAL_DRIVER -DSTM32F411xE -c -I../Core/Inc -I../Drivers/STM32F4xx_HAL_Driver/Inc -I../Drivers/STM32F4xx_HAL_Driver/Inc/Legacy -I../Drivers/CMSIS/Device/ST/STM32F4xx/Include -I../Drivers/CMSIS/Include -O0 -ffunction-sections -fdata-sections -Wall -fstack-usage -fcyclomatic-complexity -MMD -MP -MF"Core/Src/main.d" -MT"Core/Src/main.o" --specs=nano.specs -mfpu=fpv4-sp-d16 -mfloat-abi=hard -mthumb -o "Core/Src/main.o"
arm-none-eabi-gcc -o "09_STEPPER.elf" @"objects.list"   -mcpu=cortex-m4 -T"/home/psh/workspace_semicon/ARM/09_STEPPER/STM32F411RETX_FLASH.ld" --specs=nosys.specs -Wl,-Map="09_STEPPER.map" -Wl,--gc-sections -static --specs=nano.specs -mfpu=fpv4-sp-d16 -mfloat-abi=hard -mthumb -Wl,--start-group -lc -lm -Wl,--end-group
Finished building target: 09_STEPPER.elf
 
arm-none-eabi-size  09_STEPPER.elf 
arm-none-eabi-objdump -h -S 09_STEPPER.elf  > "09_STEPPER.list"
   text	   data	    bss	    dec	    hex	filename
  11460	     12	   1716	  13188	   3384	09_STEPPER.elf
Finished building: default.size.stdout
 
Finished building: 09_STEPPER.list
 
15:04:13 **** Incremental Build of configuration Debug for project 09_STEPPER ****
make -j8 all 
arm-none-eabi-size  09_STEPPER.elf 
   text	   data	    bss	    dec	    hex	filename
  11460	     12	   1716	  13188	   3384	09_STEPPER.elf
Finished building: default.size.stdout
 
15:05:33 **** Incremental Build of configuration Debug for project 09_STEPPER ****
make -j8 all 
arm-none-eabi-gcc "../Core/Src/main.c" -mcpu=cortex-m4 -std=gnu11 -g3 -DDEBUG -DUSE_HAL_DRIVER -DSTM32F411xE -c -I../Core/Inc -I../Drivers/STM32F4xx_HAL_Driver/Inc -I../Drivers/STM32F4xx_HAL_Driver/Inc/Legacy -I../Drivers/CMSIS/Device/ST/STM32F4xx/Include -I../Drivers/CMSIS/Include -O0 -ffunction-sections -fdata-sections -Wall -fstack-usage -fcyclomatic-complexity -MMD -MP -MF"Core/Src/main.d" -MT"Core/Src/main.o" --specs=nano.specs -mfpu=fpv4-sp-d16 -mfloat-abi=hard -mthumb -o "Core/Src/main.o"
arm-none-eabi-gcc "../Core/Src/stepper.c" -mcpu=cortex-m4 -std=gnu11 -g3 -DDEBUG -DUSE_HAL_DRIVER -DSTM32F411xE -c -I../Core/Inc -I../Drivers/STM32F4xx_HAL_Driver/Inc -I../Drivers/STM32F4xx_HAL_Driver/Inc/Legacy -I../Drivers/CMSIS/Device/ST/STM32F4xx/Include -I../Drivers/CMSIS/Include -O0 -ffunction-sections -fdata-sections -Wall -fstack-usage -fcyclomatic-complexity -MMD -MP -MF"Core/Src/stepper.d" -MT"Core/Src/stepper.o" --specs=nano.specs -mfpu=fpv4-sp-d16 -mfloat-abi=hard -mthumb -o "Core/Src/stepper.o"
arm-none-eabi-gcc -o "09_STEPPER.elf" @"objects.list"   -mcpu=cortex-m4 -T"/home/psh/workspace_semicon/ARM/09_STEPPER/STM32F411RETX_FLASH.ld" --specs=nosys.specs -Wl,-Map="09_STEPPER.map" -Wl,--gc-sections -static --specs=nano.specs -mfpu=fpv4-sp-d16 -mfloat-abi=hard -mthumb -Wl,--start-group -lc -lm -Wl,--end-group
Finished building target: 09_STEPPER.elf
 
arm-none-eabi-size  09_STEPPER.elf 
arm-none-eabi-objdump -h -S 09_STEPPER.elf  > "09_STEPPER.list"
   text	   data	    bss	    dec	    hex	filename
  11460	     12	   1716	  13188	   3384	09_STEPPER.elf
Finished building: default.size.stdout
 
Finished building: 09_STEPPER.list
 
15:05:36 **** Incremental Build of configuration Debug for project 09_STEPPER ****
make -j8 all 
arm-none-eabi-size  09_STEPPER.elf 
   text	   data	    bss	    dec	    hex	filename
  11460	     12	   1716	  13188	   3384	09_STEPPER.elf
Finished building: default.size.stdout
 
15:06:52 **** Incremental Build of configuration Debug for project 09_STEPPER ****
make -j8 all 
arm-none-eabi-gcc "../Core/Src/stepper.c" -mcpu=cortex-m4 -std=gnu11 -g3 -DDEBUG -DUSE_HAL_DRIVER -DSTM32F411xE -c -I../Core/Inc -I../Drivers/STM32F4xx_HAL_Driver/Inc -I../Drivers/STM32F4xx_HAL_Driver/Inc/Legacy -I../Drivers/CMSIS/Device/ST/STM32F4xx/Include -I../Drivers/CMSIS/Include -O0 -ffunction-sections -fdata-sections -Wall -fstack-usage -fcyclomatic-complexity -MMD -MP -MF"Core/Src/stepper.d" -MT"Core/Src/stepper.o" --specs=nano.specs -mfpu=fpv4-sp-d16 -mfloat-abi=hard -mthumb -o "Core/Src/stepper.o"
arm-none-eabi-gcc -o "09_STEPPER.elf" @"objects.list"   -mcpu=cortex-m4 -T"/home/psh/workspace_semicon/ARM/09_STEPPER/STM32F411RETX_FLASH.ld" --specs=nosys.specs -Wl,-Map="09_STEPPER.map" -Wl,--gc-sections -static --specs=nano.specs -mfpu=fpv4-sp-d16 -mfloat-abi=hard -mthumb -Wl,--start-group -lc -lm -Wl,--end-group
Finished building target: 09_STEPPER.elf
 
arm-none-eabi-size  09_STEPPER.elf 
arm-none-eabi-objdump -h -S 09_STEPPER.elf  > "09_STEPPER.list"
   text	   data	    bss	    dec	    hex	filename
  11460	     12	   1716	  13188	   3384	09_STEPPER.elf
Finished building: default.size.stdout
 
Finished building: 09_STEPPER.list
 
15:06:55 **** Incremental Build of configuration Debug for project 09_STEPPER ****
make -j8 all 
arm-none-eabi-size  09_STEPPER.elf 
   text	   data	    bss	    dec	    hex	filename
  11460	     12	   1716	  13188	   3384	09_STEPPER.elf
Finished building: default.size.stdout
 
15:07:27 **** Incremental Build of configuration Debug for project 09_STEPPER ****
make -j8 all 
arm-none-eabi-gcc "../Core/Src/stepper.c" -mcpu=cortex-m4 -std=gnu11 -g3 -DDEBUG -DUSE_HAL_DRIVER -DSTM32F411xE -c -I../Core/Inc -I../Drivers/STM32F4xx_HAL_Driver/Inc -I../Drivers/STM32F4xx_HAL_Driver/Inc/Legacy -I../Drivers/CMSIS/Device/ST/STM32F4xx/Include -I../Drivers/CMSIS/Include -O0 -ffunction-sections -fdata-sections -Wall -fstack-usage -fcyclomatic-complexity -MMD -MP -MF"Core/Src/stepper.d" -MT"Core/Src/stepper.o" --specs=nano.specs -mfpu=fpv4-sp-d16 -mfloat-abi=hard -mthumb -o "Core/Src/stepper.o"
arm-none-eabi-gcc -o "09_STEPPER.elf" @"objects.list"   -mcpu=cortex-m4 -T"/home/psh/workspace_semicon/ARM/09_STEPPER/STM32F411RETX_FLASH.ld" --specs=nosys.specs -Wl,-Map="09_STEPPER.map" -Wl,--gc-sections -static --specs=nano.specs -mfpu=fpv4-sp-d16 -mfloat-abi=hard -mthumb -Wl,--start-group -lc -lm -Wl,--end-group
Finished building target: 09_STEPPER.elf
 
arm-none-eabi-size  09_STEPPER.elf 
arm-none-eabi-objdump -h -S 09_STEPPER.elf  > "09_STEPPER.list"
   text	   data	    bss	    dec	    hex	filename
  11456	     12	   1716	  13184	   3380	09_STEPPER.elf
Finished building: default.size.stdout
 
Finished building: 09_STEPPER.list
 
15:07:29 **** Incremental Build of configuration Debug for project 09_STEPPER ****
make -j8 all 
arm-none-eabi-size  09_STEPPER.elf 
   text	   data	    bss	    dec	    hex	filename
  11456	     12	   1716	  13184	   3380	09_STEPPER.elf
Finished building: default.size.stdout
 
15:08:28 **** Incremental Build of configuration Debug for project 09_STEPPER ****
make -j8 all 
arm-none-eabi-gcc "../Core/Src/stepper.c" -mcpu=cortex-m4 -std=gnu11 -g3 -DDEBUG -DUSE_HAL_DRIVER -DSTM32F411xE -c -I../Core/Inc -I../Drivers/STM32F4xx_HAL_Driver/Inc -I../Drivers/STM32F4xx_HAL_Driver/Inc/Legacy -I../Drivers/CMSIS/Device/ST/STM32F4xx/Include -I../Drivers/CMSIS/Include -O0 -ffunction-sections -fdata-sections -Wall -fstack-usage -fcyclomatic-complexity -MMD -MP -MF"Core/Src/stepper.d" -MT"Core/Src/stepper.o" --specs=nano.specs -mfpu=fpv4-sp-d16 -mfloat-abi=hard -mthumb -o "Core/Src/stepper.o"
arm-none-eabi-gcc -o "09_STEPPER.elf" @"objects.list"   -mcpu=cortex-m4 -T"/home/psh/workspace_semicon/ARM/09_STEPPER/STM32F411RETX_FLASH.ld" --specs=nosys.specs -Wl,-Map="09_STEPPER.map" -Wl,--gc-sections -static --specs=nano.specs -mfpu=fpv4-sp-d16 -mfloat-abi=hard -mthumb -Wl,--start-group -lc -lm -Wl,--end-group
Finished building target: 09_STEPPER.elf
 
arm-none-eabi-size  09_STEPPER.elf 
arm-none-eabi-objdump -h -S 09_STEPPER.elf  > "09_STEPPER.list"
   text	   data	    bss	    dec	    hex	filename
  11456	     12	   1716	  13184	   3380	09_STEPPER.elf
Finished building: default.size.stdout
 
Finished building: 09_STEPPER.list
 
15:08:30 **** Incremental Build of configuration Debug for project 09_STEPPER ****
make -j8 all 
arm-none-eabi-size  09_STEPPER.elf 
   text	   data	    bss	    dec	    hex	filename
  11456	     12	   1716	  13184	   3380	09_STEPPER.elf
Finished building: default.size.stdout
 
15:09:45 **** Incremental Build of configuration Debug for project 09_STEPPER ****
make -j8 all 
arm-none-eabi-gcc "../Core/Src/main.c" -mcpu=cortex-m4 -std=gnu11 -g3 -DDEBUG -DUSE_HAL_DRIVER -DSTM32F411xE -c -I../Core/Inc -I../Drivers/STM32F4xx_HAL_Driver/Inc -I../Drivers/STM32F4xx_HAL_Driver/Inc/Legacy -I../Drivers/CMSIS/Device/ST/STM32F4xx/Include -I../Drivers/CMSIS/Include -O0 -ffunction-sections -fdata-sections -Wall -fstack-usage -fcyclomatic-complexity -MMD -MP -MF"Core/Src/main.d" -MT"Core/Src/main.o" --specs=nano.specs -mfpu=fpv4-sp-d16 -mfloat-abi=hard -mthumb -o "Core/Src/main.o"
arm-none-eabi-gcc -o "09_STEPPER.elf" @"objects.list"   -mcpu=cortex-m4 -T"/home/psh/workspace_semicon/ARM/09_STEPPER/STM32F411RETX_FLASH.ld" --specs=nosys.specs -Wl,-Map="09_STEPPER.map" -Wl,--gc-sections -static --specs=nano.specs -mfpu=fpv4-sp-d16 -mfloat-abi=hard -mthumb -Wl,--start-group -lc -lm -Wl,--end-group
Finished building target: 09_STEPPER.elf
 
arm-none-eabi-size  09_STEPPER.elf 
arm-none-eabi-objdump -h -S 09_STEPPER.elf  > "09_STEPPER.list"
   text	   data	    bss	    dec	    hex	filename
  11456	     12	   1716	  13184	   3380	09_STEPPER.elf
Finished building: default.size.stdout
 
Finished building: 09_STEPPER.list
 
15:09:47 **** Incremental Build of configuration Debug for project 09_STEPPER ****
make -j8 all 
arm-none-eabi-size  09_STEPPER.elf 
   text	   data	    bss	    dec	    hex	filename
  11456	     12	   1716	  13184	   3380	09_STEPPER.elf
Finished building: default.size.stdout
 
15:10:26 **** Incremental Build of configuration Debug for project 09_STEPPER ****
make -j8 all 
arm-none-eabi-gcc "../Core/Src/main.c" -mcpu=cortex-m4 -std=gnu11 -g3 -DDEBUG -DUSE_HAL_DRIVER -DSTM32F411xE -c -I../Core/Inc -I../Drivers/STM32F4xx_HAL_Driver/Inc -I../Drivers/STM32F4xx_HAL_Driver/Inc/Legacy -I../Drivers/CMSIS/Device/ST/STM32F4xx/Include -I../Drivers/CMSIS/Include -O0 -ffunction-sections -fdata-sections -Wall -fstack-usage -fcyclomatic-complexity -MMD -MP -MF"Core/Src/main.d" -MT"Core/Src/main.o" --specs=nano.specs -mfpu=fpv4-sp-d16 -mfloat-abi=hard -mthumb -o "Core/Src/main.o"
arm-none-eabi-gcc -o "09_STEPPER.elf" @"objects.list"   -mcpu=cortex-m4 -T"/home/psh/workspace_semicon/ARM/09_STEPPER/STM32F411RETX_FLASH.ld" --specs=nosys.specs -Wl,-Map="09_STEPPER.map" -Wl,--gc-sections -static --specs=nano.specs -mfpu=fpv4-sp-d16 -mfloat-abi=hard -mthumb -Wl,--start-group -lc -lm -Wl,--end-group
Finished building target: 09_STEPPER.elf
 
arm-none-eabi-size  09_STEPPER.elf 
arm-none-eabi-objdump -h -S 09_STEPPER.elf  > "09_STEPPER.list"
   text	   data	    bss	    dec	    hex	filename
  11456	     12	   1716	  13184	   3380	09_STEPPER.elf
Finished building: default.size.stdout
 
Finished building: 09_STEPPER.list
 
15:10:30 **** Incremental Build of configuration Debug for project 09_STEPPER ****
make -j8 all 
arm-none-eabi-size  09_STEPPER.elf 
   text	   data	    bss	    dec	    hex	filename
  11456	     12	   1716	  13184	   3380	09_STEPPER.elf
Finished building: default.size.stdout
 
15:10:42 **** Incremental Build of configuration Debug for project 09_STEPPER ****
make -j8 all 
arm-none-eabi-gcc "../Core/Src/main.c" -mcpu=cortex-m4 -std=gnu11 -g3 -DDEBUG -DUSE_HAL_DRIVER -DSTM32F411xE -c -I../Core/Inc -I../Drivers/STM32F4xx_HAL_Driver/Inc -I../Drivers/STM32F4xx_HAL_Driver/Inc/Legacy -I../Drivers/CMSIS/Device/ST/STM32F4xx/Include -I../Drivers/CMSIS/Include -O0 -ffunction-sections -fdata-sections -Wall -fstack-usage -fcyclomatic-complexity -MMD -MP -MF"Core/Src/main.d" -MT"Core/Src/main.o" --specs=nano.specs -mfpu=fpv4-sp-d16 -mfloat-abi=hard -mthumb -o "Core/Src/main.o"
arm-none-eabi-gcc -o "09_STEPPER.elf" @"objects.list"   -mcpu=cortex-m4 -T"/home/psh/workspace_semicon/ARM/09_STEPPER/STM32F411RETX_FLASH.ld" --specs=nosys.specs -Wl,-Map="09_STEPPER.map" -Wl,--gc-sections -static --specs=nano.specs -mfpu=fpv4-sp-d16 -mfloat-abi=hard -mthumb -Wl,--start-group -lc -lm -Wl,--end-group
Finished building target: 09_STEPPER.elf
 
arm-none-eabi-size  09_STEPPER.elf 
arm-none-eabi-objdump -h -S 09_STEPPER.elf  > "09_STEPPER.list"
   text	   data	    bss	    dec	    hex	filename
  11456	     12	   1716	  13184	   3380	09_STEPPER.elf
Finished building: default.size.stdout
 
Finished building: 09_STEPPER.list
 
15:10:45 **** Incremental Build of configuration Debug for project 09_STEPPER ****
make -j8 all 
arm-none-eabi-size  09_STEPPER.elf 
   text	   data	    bss	    dec	    hex	filename
  11456	     12	   1716	  13184	   3380	09_STEPPER.elf
Finished building: default.size.stdout
 
15:14:57 **** Incremental Build of configuration Debug for project 09_STEPPER ****
make -j8 all 
arm-none-eabi-gcc "../Core/Src/main.c" -mcpu=cortex-m4 -std=gnu11 -g3 -DDEBUG -DUSE_HAL_DRIVER -DSTM32F411xE -c -I../Core/Inc -I../Drivers/STM32F4xx_HAL_Driver/Inc -I../Drivers/STM32F4xx_HAL_Driver/Inc/Legacy -I../Drivers/CMSIS/Device/ST/STM32F4xx/Include -I../Drivers/CMSIS/Include -O0 -ffunction-sections -fdata-sections -Wall -fstack-usage -fcyclomatic-complexity -MMD -MP -MF"Core/Src/main.d" -MT"Core/Src/main.o" --specs=nano.specs -mfpu=fpv4-sp-d16 -mfloat-abi=hard -mthumb -o "Core/Src/main.o"
arm-none-eabi-gcc -o "09_STEPPER.elf" @"objects.list"   -mcpu=cortex-m4 -T"/home/psh/workspace_semicon/ARM/09_STEPPER/STM32F411RETX_FLASH.ld" --specs=nosys.specs -Wl,-Map="09_STEPPER.map" -Wl,--gc-sections -static --specs=nano.specs -mfpu=fpv4-sp-d16 -mfloat-abi=hard -mthumb -Wl,--start-group -lc -lm -Wl,--end-group
Finished building target: 09_STEPPER.elf
 
arm-none-eabi-size  09_STEPPER.elf 
arm-none-eabi-objdump -h -S 09_STEPPER.elf  > "09_STEPPER.list"
   text	   data	    bss	    dec	    hex	filename
  11456	     12	   1716	  13184	   3380	09_STEPPER.elf
Finished building: default.size.stdout
 
Finished building: 09_STEPPER.list
 
15:14:58 **** Incremental Build of configuration Debug for project 09_STEPPER ****
make -j8 all 
arm-none-eabi-size  09_STEPPER.elf 
   text	   data	    bss	    dec	    hex	filename
  11456	     12	   1716	  13184	   3380	09_STEPPER.elf
Finished building: default.size.stdout
 
15:15:34 **** Incremental Build of configuration Debug for project 09_STEPPER ****
make -j8 all 
arm-none-eabi-gcc "../Core/Src/main.c" -mcpu=cortex-m4 -std=gnu11 -g3 -DDEBUG -DUSE_HAL_DRIVER -DSTM32F411xE -c -I../Core/Inc -I../Drivers/STM32F4xx_HAL_Driver/Inc -I../Drivers/STM32F4xx_HAL_Driver/Inc/Legacy -I../Drivers/CMSIS/Device/ST/STM32F4xx/Include -I../Drivers/CMSIS/Include -O0 -ffunction-sections -fdata-sections -Wall -fstack-usage -fcyclomatic-complexity -MMD -MP -MF"Core/Src/main.d" -MT"Core/Src/main.o" --specs=nano.specs -mfpu=fpv4-sp-d16 -mfloat-abi=hard -mthumb -o "Core/Src/main.o"
arm-none-eabi-gcc -o "09_STEPPER.elf" @"objects.list"   -mcpu=cortex-m4 -T"/home/psh/workspace_semicon/ARM/09_STEPPER/STM32F411RETX_FLASH.ld" --specs=nosys.specs -Wl,-Map="09_STEPPER.map" -Wl,--gc-sections -static --specs=nano.specs -mfpu=fpv4-sp-d16 -mfloat-abi=hard -mthumb -Wl,--start-group -lc -lm -Wl,--end-group
Finished building target: 09_STEPPER.elf
 
arm-none-eabi-size  09_STEPPER.elf 
arm-none-eabi-objdump -h -S 09_STEPPER.elf  > "09_STEPPER.list"
   text	   data	    bss	    dec	    hex	filename
  11456	     12	   1716	  13184	   3380	09_STEPPER.elf
Finished building: default.size.stdout
 
Finished building: 09_STEPPER.list
 
15:15:39 **** Incremental Build of configuration Debug for project 09_STEPPER ****
make -j8 all 
arm-none-eabi-size  09_STEPPER.elf 
   text	   data	    bss	    dec	    hex	filename
  11456	     12	   1716	  13184	   3380	09_STEPPER.elf
Finished building: default.size.stdout
 
