14:54:17 **** Incremental Build of configuration Debug for project 00_basic ****
make -j8 all 
arm-none-eabi-gcc "../Core/Src/main.c" -mcpu=cortex-m4 -std=gnu11 -g3 -DDEBUG -DUSE_HAL_DRIVER -DSTM32F411xE -c -I../Core/Inc -I../Drivers/STM32F4xx_HAL_Driver/Inc -I../Drivers/STM32F4xx_HAL_Driver/Inc/Legacy -I../Drivers/CMSIS/Device/ST/STM32F4xx/Include -I../Drivers/CMSIS/Include -O0 -ffunction-sections -fdata-sections -Wall -fstack-usage -fcyclomatic-complexity -MMD -MP -MF"Core/Src/main.d" -MT"Core/Src/main.o" --specs=nano.specs -mfpu=fpv4-sp-d16 -mfloat-abi=hard -mthumb -o "Core/Src/main.o"
arm-none-eabi-gcc -o "00_basic.elf" @"objects.list"   -mcpu=cortex-m4 -T"/home/psh/workspace_semicon/arm/00_basic/STM32F411RETX_FLASH.ld" --specs=nosys.specs -Wl,-Map="00_basic.map" -Wl,--gc-sections -static --specs=nano.specs -mfpu=fpv4-sp-d16 -mfloat-abi=hard -mthumb -Wl,--start-group -lc -lm -Wl,--end-group
Finished building target: 00_basic.elf
 
arm-none-eabi-size  00_basic.elf 
arm-none-eabi-objdump -h -S 00_basic.elf  > "00_basic.list"
   text	   data	    bss	    dec	    hex	filename
   5972	     12	   1572	   7556	   1d84	00_basic.elf
Finished building: default.size.stdout
 
Finished building: 00_basic.list
 
14:54:20 **** Incremental Build of configuration Debug for project 00_basic ****
make -j8 all 
arm-none-eabi-size  00_basic.elf 
   text	   data	    bss	    dec	    hex	filename
   5972	     12	   1572	   7556	   1d84	00_basic.elf
Finished building: default.size.stdout
 
