16:10:32 **** Incremental Build of configuration Debug for project 04_TIMER_DELAY ****
make -j8 all 
arm-none-eabi-size  04_TIMER_DELAY.elf 
   text	   data	    bss	    dec	    hex	filename
   6588	     12	   1644	   8244	   2034	04_TIMER_DELAY.elf
Finished building: default.size.stdout
 
16:10:34 **** Incremental Build of configuration Debug for project 04_TIMER_DELAY ****
make -j8 all 
arm-none-eabi-size  04_TIMER_DELAY.elf 
   text	   data	    bss	    dec	    hex	filename
   6588	     12	   1644	   8244	   2034	04_TIMER_DELAY.elf
Finished building: default.size.stdout
 
