Archive member included to satisfy reference by file (symbol)

/home/psh/tools/avr8/bin/../lib/gcc/avr/7.3.0/avr51/libgcc.a(_exit.o)
                              /home/psh/tools/avr8/bin/../lib/gcc/avr/7.3.0/../../../../avr/lib/avr51/crtatmega128a.o (exit)
/home/psh/tools/avr8/bin/../lib/gcc/avr/7.3.0/../../../../avr/lib/avr51/libc.a(iob.o)
                              CMakeFiles/atmega128a.elf.dir/src/ap/ap.c.obj (symbol from plugin) (__iob)
/home/psh/tools/avr8/bin/../lib/gcc/avr/7.3.0/avr51/libgcc.a(_clear_bss.o)
                              /home/psh/tools/avr8/bin/../lib/gcc/avr/7.3.0/../../../../avr/lib/avr51/libc.a(iob.o) (__do_clear_bss)
/home/psh/tools/avr8/bin/../lib/gcc/avr/7.3.0/avr51/libgcc.a(_copy_data.o)
                              /tmp/ccwefcQg.ltrans0.ltrans.o (__do_copy_data)
/home/psh/tools/avr8/bin/../lib/gcc/avr/7.3.0/../../../../avr/lib/avr51/libc.a(printf.o)
                              /tmp/ccwefcQg.ltrans0.ltrans.o (printf)
/home/psh/tools/avr8/bin/../lib/gcc/avr/7.3.0/../../../../avr/lib/avr51/libc.a(vfprintf_std.o)
                              /home/psh/tools/avr8/bin/../lib/gcc/avr/7.3.0/../../../../avr/lib/avr51/libc.a(printf.o) (vfprintf)
/home/psh/tools/avr8/bin/../lib/gcc/avr/7.3.0/../../../../avr/lib/avr51/libc.a(strnlen_P.o)
                              /home/psh/tools/avr8/bin/../lib/gcc/avr/7.3.0/../../../../avr/lib/avr51/libc.a(vfprintf_std.o) (strnlen_P)
/home/psh/tools/avr8/bin/../lib/gcc/avr/7.3.0/../../../../avr/lib/avr51/libc.a(strnlen.o)
                              /home/psh/tools/avr8/bin/../lib/gcc/avr/7.3.0/../../../../avr/lib/avr51/libc.a(vfprintf_std.o) (strnlen)
/home/psh/tools/avr8/bin/../lib/gcc/avr/7.3.0/../../../../avr/lib/avr51/libc.a(fputc.o)
                              /home/psh/tools/avr8/bin/../lib/gcc/avr/7.3.0/../../../../avr/lib/avr51/libc.a(vfprintf_std.o) (fputc)
/home/psh/tools/avr8/bin/../lib/gcc/avr/7.3.0/../../../../avr/lib/avr51/libc.a(ultoa_invert.o)
                              /home/psh/tools/avr8/bin/../lib/gcc/avr/7.3.0/../../../../avr/lib/avr51/libc.a(vfprintf_std.o) (__ultoa_invert)

Allocating common symbols
Common symbol       size              file

__iob               0x6               /home/psh/tools/avr8/bin/../lib/gcc/avr/7.3.0/../../../../avr/lib/avr51/libc.a(iob.o)

Discarded input sections

 .data          0x0000000000000000        0x0 /home/psh/tools/avr8/bin/../lib/gcc/avr/7.3.0/../../../../avr/lib/avr51/crtatmega128a.o
 .bss           0x0000000000000000        0x0 /home/psh/tools/avr8/bin/../lib/gcc/avr/7.3.0/../../../../avr/lib/avr51/crtatmega128a.o
 .text          0x0000000000000000        0x0 CMakeFiles/atmega128a.elf.dir/main.c.obj (symbol from plugin)
 .text          0x0000000000000000        0x0 CMakeFiles/atmega128a.elf.dir/src/ap/ap.c.obj (symbol from plugin)
 .text          0x0000000000000000        0x0 CMakeFiles/atmega128a.elf.dir/src/driver/lcd.c.obj (symbol from plugin)
 .text          0x0000000000000000        0x0 CMakeFiles/atmega128a.elf.dir/src/driver/led8.c.obj (symbol from plugin)
 .text          0x0000000000000000        0x0 CMakeFiles/atmega128a.elf.dir/src/driver/main_motor.c.obj (symbol from plugin)
 .text          0x0000000000000000        0x0 CMakeFiles/atmega128a.elf.dir/src/driver/myled.c.obj (symbol from plugin)
 .text          0x0000000000000000        0x0 CMakeFiles/atmega128a.elf.dir/src/driver/sub_motor.c.obj (symbol from plugin)
 .text          0x0000000000000000        0x0 CMakeFiles/atmega128a.elf.dir/src/driver/uart0.c.obj (symbol from plugin)
 .text          0x0000000000000000        0x0 CMakeFiles/atmega128a.elf.dir/src/driver/uart0_int.c.obj (symbol from plugin)
 .text          0x0000000000000000        0x0 /home/psh/tools/avr8/bin/../lib/gcc/avr/7.3.0/avr51/libgcc.a(_exit.o)
 .data          0x0000000000000000        0x0 /home/psh/tools/avr8/bin/../lib/gcc/avr/7.3.0/avr51/libgcc.a(_exit.o)
 .bss           0x0000000000000000        0x0 /home/psh/tools/avr8/bin/../lib/gcc/avr/7.3.0/avr51/libgcc.a(_exit.o)
 .text.libgcc.mul
                0x0000000000000000        0x0 /home/psh/tools/avr8/bin/../lib/gcc/avr/7.3.0/avr51/libgcc.a(_exit.o)
 .text.libgcc.div
                0x0000000000000000        0x0 /home/psh/tools/avr8/bin/../lib/gcc/avr/7.3.0/avr51/libgcc.a(_exit.o)
 .text.libgcc   0x0000000000000000        0x0 /home/psh/tools/avr8/bin/../lib/gcc/avr/7.3.0/avr51/libgcc.a(_exit.o)
 .text.libgcc.prologue
                0x0000000000000000        0x0 /home/psh/tools/avr8/bin/../lib/gcc/avr/7.3.0/avr51/libgcc.a(_exit.o)
 .text.libgcc.builtins
                0x0000000000000000        0x0 /home/psh/tools/avr8/bin/../lib/gcc/avr/7.3.0/avr51/libgcc.a(_exit.o)
 .text.libgcc.fmul
                0x0000000000000000        0x0 /home/psh/tools/avr8/bin/../lib/gcc/avr/7.3.0/avr51/libgcc.a(_exit.o)
 .text.libgcc.fixed
                0x0000000000000000        0x0 /home/psh/tools/avr8/bin/../lib/gcc/avr/7.3.0/avr51/libgcc.a(_exit.o)
 .text          0x0000000000000000        0x0 /home/psh/tools/avr8/bin/../lib/gcc/avr/7.3.0/../../../../avr/lib/avr51/libc.a(iob.o)
 .data          0x0000000000000000        0x0 /home/psh/tools/avr8/bin/../lib/gcc/avr/7.3.0/../../../../avr/lib/avr51/libc.a(iob.o)
 .bss           0x0000000000000000        0x0 /home/psh/tools/avr8/bin/../lib/gcc/avr/7.3.0/../../../../avr/lib/avr51/libc.a(iob.o)
 .text          0x0000000000000000        0x0 /home/psh/tools/avr8/bin/../lib/gcc/avr/7.3.0/avr51/libgcc.a(_clear_bss.o)
 .data          0x0000000000000000        0x0 /home/psh/tools/avr8/bin/../lib/gcc/avr/7.3.0/avr51/libgcc.a(_clear_bss.o)
 .bss           0x0000000000000000        0x0 /home/psh/tools/avr8/bin/../lib/gcc/avr/7.3.0/avr51/libgcc.a(_clear_bss.o)
 .text.libgcc.mul
                0x0000000000000000        0x0 /home/psh/tools/avr8/bin/../lib/gcc/avr/7.3.0/avr51/libgcc.a(_clear_bss.o)
 .text.libgcc.div
                0x0000000000000000        0x0 /home/psh/tools/avr8/bin/../lib/gcc/avr/7.3.0/avr51/libgcc.a(_clear_bss.o)
 .text.libgcc   0x0000000000000000        0x0 /home/psh/tools/avr8/bin/../lib/gcc/avr/7.3.0/avr51/libgcc.a(_clear_bss.o)
 .text.libgcc.prologue
                0x0000000000000000        0x0 /home/psh/tools/avr8/bin/../lib/gcc/avr/7.3.0/avr51/libgcc.a(_clear_bss.o)
 .text.libgcc.builtins
                0x0000000000000000        0x0 /home/psh/tools/avr8/bin/../lib/gcc/avr/7.3.0/avr51/libgcc.a(_clear_bss.o)
 .text.libgcc.fmul
                0x0000000000000000        0x0 /home/psh/tools/avr8/bin/../lib/gcc/avr/7.3.0/avr51/libgcc.a(_clear_bss.o)
 .text.libgcc.fixed
                0x0000000000000000        0x0 /home/psh/tools/avr8/bin/../lib/gcc/avr/7.3.0/avr51/libgcc.a(_clear_bss.o)
 .text          0x0000000000000000        0x0 /home/psh/tools/avr8/bin/../lib/gcc/avr/7.3.0/avr51/libgcc.a(_copy_data.o)
 .data          0x0000000000000000        0x0 /home/psh/tools/avr8/bin/../lib/gcc/avr/7.3.0/avr51/libgcc.a(_copy_data.o)
 .bss           0x0000000000000000        0x0 /home/psh/tools/avr8/bin/../lib/gcc/avr/7.3.0/avr51/libgcc.a(_copy_data.o)
 .text.libgcc.mul
                0x0000000000000000        0x0 /home/psh/tools/avr8/bin/../lib/gcc/avr/7.3.0/avr51/libgcc.a(_copy_data.o)
 .text.libgcc.div
                0x0000000000000000        0x0 /home/psh/tools/avr8/bin/../lib/gcc/avr/7.3.0/avr51/libgcc.a(_copy_data.o)
 .text.libgcc   0x0000000000000000        0x0 /home/psh/tools/avr8/bin/../lib/gcc/avr/7.3.0/avr51/libgcc.a(_copy_data.o)
 .text.libgcc.prologue
                0x0000000000000000        0x0 /home/psh/tools/avr8/bin/../lib/gcc/avr/7.3.0/avr51/libgcc.a(_copy_data.o)
 .text.libgcc.builtins
                0x0000000000000000        0x0 /home/psh/tools/avr8/bin/../lib/gcc/avr/7.3.0/avr51/libgcc.a(_copy_data.o)
 .text.libgcc.fmul
                0x0000000000000000        0x0 /home/psh/tools/avr8/bin/../lib/gcc/avr/7.3.0/avr51/libgcc.a(_copy_data.o)
 .text.libgcc.fixed
                0x0000000000000000        0x0 /home/psh/tools/avr8/bin/../lib/gcc/avr/7.3.0/avr51/libgcc.a(_copy_data.o)
 .text          0x0000000000000000        0x0 /home/psh/tools/avr8/bin/../lib/gcc/avr/7.3.0/../../../../avr/lib/avr51/libc.a(printf.o)
 .data          0x0000000000000000        0x0 /home/psh/tools/avr8/bin/../lib/gcc/avr/7.3.0/../../../../avr/lib/avr51/libc.a(printf.o)
 .bss           0x0000000000000000        0x0 /home/psh/tools/avr8/bin/../lib/gcc/avr/7.3.0/../../../../avr/lib/avr51/libc.a(printf.o)
 .text          0x0000000000000000        0x0 /home/psh/tools/avr8/bin/../lib/gcc/avr/7.3.0/../../../../avr/lib/avr51/libc.a(vfprintf_std.o)
 .data          0x0000000000000000        0x0 /home/psh/tools/avr8/bin/../lib/gcc/avr/7.3.0/../../../../avr/lib/avr51/libc.a(vfprintf_std.o)
 .bss           0x0000000000000000        0x0 /home/psh/tools/avr8/bin/../lib/gcc/avr/7.3.0/../../../../avr/lib/avr51/libc.a(vfprintf_std.o)
 .text          0x0000000000000000        0x0 /home/psh/tools/avr8/bin/../lib/gcc/avr/7.3.0/../../../../avr/lib/avr51/libc.a(strnlen_P.o)
 .data          0x0000000000000000        0x0 /home/psh/tools/avr8/bin/../lib/gcc/avr/7.3.0/../../../../avr/lib/avr51/libc.a(strnlen_P.o)
 .bss           0x0000000000000000        0x0 /home/psh/tools/avr8/bin/../lib/gcc/avr/7.3.0/../../../../avr/lib/avr51/libc.a(strnlen_P.o)
 .text          0x0000000000000000        0x0 /home/psh/tools/avr8/bin/../lib/gcc/avr/7.3.0/../../../../avr/lib/avr51/libc.a(strnlen.o)
 .data          0x0000000000000000        0x0 /home/psh/tools/avr8/bin/../lib/gcc/avr/7.3.0/../../../../avr/lib/avr51/libc.a(strnlen.o)
 .bss           0x0000000000000000        0x0 /home/psh/tools/avr8/bin/../lib/gcc/avr/7.3.0/../../../../avr/lib/avr51/libc.a(strnlen.o)
 .text          0x0000000000000000        0x0 /home/psh/tools/avr8/bin/../lib/gcc/avr/7.3.0/../../../../avr/lib/avr51/libc.a(fputc.o)
 .data          0x0000000000000000        0x0 /home/psh/tools/avr8/bin/../lib/gcc/avr/7.3.0/../../../../avr/lib/avr51/libc.a(fputc.o)
 .bss           0x0000000000000000        0x0 /home/psh/tools/avr8/bin/../lib/gcc/avr/7.3.0/../../../../avr/lib/avr51/libc.a(fputc.o)
 .text          0x0000000000000000        0x0 /home/psh/tools/avr8/bin/../lib/gcc/avr/7.3.0/../../../../avr/lib/avr51/libc.a(ultoa_invert.o)
 .data          0x0000000000000000        0x0 /home/psh/tools/avr8/bin/../lib/gcc/avr/7.3.0/../../../../avr/lib/avr51/libc.a(ultoa_invert.o)
 .bss           0x0000000000000000        0x0 /home/psh/tools/avr8/bin/../lib/gcc/avr/7.3.0/../../../../avr/lib/avr51/libc.a(ultoa_invert.o)

Memory Configuration

Name             Origin             Length             Attributes
text             0x0000000000000000 0x0000000000020000 xr
data             0x0000000000800100 0x0000000000001000 rw !x
eeprom           0x0000000000810000 0x0000000000001000 rw !x
fuse             0x0000000000820000 0x0000000000000003 rw !x
lock             0x0000000000830000 0x0000000000000400 rw !x
signature        0x0000000000840000 0x0000000000000400 rw !x
user_signatures  0x0000000000850000 0x0000000000000400 rw !x
*default*        0x0000000000000000 0xffffffffffffffff

Linker script and memory map

Address of section .data set to 0x800100
LOAD /home/psh/tools/avr8/bin/../lib/gcc/avr/7.3.0/../../../../avr/lib/avr51/crtatmega128a.o
LOAD /home/psh/tools/avr8/bin/../lib/gcc/avr/7.3.0/../../../../avr/lib/avr51/libm.a
LOAD CMakeFiles/atmega128a.elf.dir/main.c.obj
LOAD /tmp/ccwefcQg.ltrans0.ltrans.o
LOAD CMakeFiles/atmega128a.elf.dir/src/ap/ap.c.obj
LOAD CMakeFiles/atmega128a.elf.dir/src/driver/lcd.c.obj
LOAD CMakeFiles/atmega128a.elf.dir/src/driver/led8.c.obj
LOAD CMakeFiles/atmega128a.elf.dir/src/driver/main_motor.c.obj
LOAD CMakeFiles/atmega128a.elf.dir/src/driver/myled.c.obj
LOAD CMakeFiles/atmega128a.elf.dir/src/driver/sub_motor.c.obj
LOAD CMakeFiles/atmega128a.elf.dir/src/driver/uart0.c.obj
LOAD CMakeFiles/atmega128a.elf.dir/src/driver/uart0_int.c.obj
START GROUP
LOAD /home/psh/tools/avr8/bin/../lib/gcc/avr/7.3.0/avr51/libgcc.a
LOAD /home/psh/tools/avr8/bin/../lib/gcc/avr/7.3.0/../../../../avr/lib/avr51/libm.a
LOAD /home/psh/tools/avr8/bin/../lib/gcc/avr/7.3.0/../../../../avr/lib/avr51/libc.a
LOAD /home/psh/tools/avr8/bin/../lib/gcc/avr/7.3.0/../../../../avr/lib/avr51/libatmega128a.a
END GROUP
                [0x0000000000000000]                __TEXT_REGION_ORIGIN__ = DEFINED (__TEXT_REGION_ORIGIN__)?__TEXT_REGION_ORIGIN__:0x0
                [0x0000000000800100]                __DATA_REGION_ORIGIN__ = DEFINED (__DATA_REGION_ORIGIN__)?__DATA_REGION_ORIGIN__:0x800100
                [0x0000000000020000]                __TEXT_REGION_LENGTH__ = DEFINED (__TEXT_REGION_LENGTH__)?__TEXT_REGION_LENGTH__:0x20000
                [0x0000000000001000]                __DATA_REGION_LENGTH__ = DEFINED (__DATA_REGION_LENGTH__)?__DATA_REGION_LENGTH__:0xff00
                [0x0000000000001000]                __EEPROM_REGION_LENGTH__ = DEFINED (__EEPROM_REGION_LENGTH__)?__EEPROM_REGION_LENGTH__:0x10000
                [0x0000000000000003]                __FUSE_REGION_LENGTH__ = DEFINED (__FUSE_REGION_LENGTH__)?__FUSE_REGION_LENGTH__:0x400
                0x0000000000000400                __LOCK_REGION_LENGTH__ = DEFINED (__LOCK_REGION_LENGTH__)?__LOCK_REGION_LENGTH__:0x400
                0x0000000000000400                __SIGNATURE_REGION_LENGTH__ = DEFINED (__SIGNATURE_REGION_LENGTH__)?__SIGNATURE_REGION_LENGTH__:0x400
                0x0000000000000400                __USER_SIGNATURE_REGION_LENGTH__ = DEFINED (__USER_SIGNATURE_REGION_LENGTH__)?__USER_SIGNATURE_REGION_LENGTH__:0x400

.hash
 *(.hash)

.dynsym
 *(.dynsym)

.dynstr
 *(.dynstr)

.gnu.version
 *(.gnu.version)

.gnu.version_d
 *(.gnu.version_d)

.gnu.version_r
 *(.gnu.version_r)

.rel.init
 *(.rel.init)

.rela.init
 *(.rela.init)

.rel.text
 *(.rel.text)
 *(.rel.text.*)
 *(.rel.gnu.linkonce.t*)

.rela.text
 *(.rela.text)
 *(.rela.text.*)
 *(.rela.gnu.linkonce.t*)

.rel.fini
 *(.rel.fini)

.rela.fini
 *(.rela.fini)

.rel.rodata
 *(.rel.rodata)
 *(.rel.rodata.*)
 *(.rel.gnu.linkonce.r*)

.rela.rodata
 *(.rela.rodata)
 *(.rela.rodata.*)
 *(.rela.gnu.linkonce.r*)

.rel.data
 *(.rel.data)
 *(.rel.data.*)
 *(.rel.gnu.linkonce.d*)

.rela.data
 *(.rela.data)
 *(.rela.data.*)
 *(.rela.gnu.linkonce.d*)

.rel.ctors
 *(.rel.ctors)

.rela.ctors
 *(.rela.ctors)

.rel.dtors
 *(.rel.dtors)

.rela.dtors
 *(.rela.dtors)

.rel.got
 *(.rel.got)

.rela.got
 *(.rela.got)

.rel.bss
 *(.rel.bss)

.rela.bss
 *(.rela.bss)

.rel.plt
 *(.rel.plt)

.rela.plt
 *(.rela.plt)

.text           0x0000000000000000      0x6f6
 *(.vectors)
 .vectors       0x0000000000000000       0x8c /home/psh/tools/avr8/bin/../lib/gcc/avr/7.3.0/../../../../avr/lib/avr51/crtatmega128a.o
                0x0000000000000000                __vectors
                0x0000000000000000                __vector_default
 *(.vectors)
 *(.progmem.gcc*)
                0x000000000000008c                . = ALIGN (0x2)
                0x000000000000008c                __trampolines_start = .
 *(.trampolines)
 .trampolines   0x000000000000008c        0x0 linker stubs
 *(.trampolines*)
                0x000000000000008c                __trampolines_end = .
 *libprintf_flt.a:*(.progmem.data)
 *libc.a:*(.progmem.data)
 *(.progmem*)
                0x000000000000008c                . = ALIGN (0x2)
 *(.jumptables)
 *(.jumptables*)
 *(.lowtext)
 *(.lowtext*)
                0x000000000000008c                __ctors_start = .
 *(.ctors)
                0x000000000000008c                __ctors_end = .
                0x000000000000008c                __dtors_start = .
 *(.dtors)
                0x000000000000008c                __dtors_end = .
 SORT(*)(.ctors)
 SORT(*)(.dtors)
 *(.init0)
 .init0         0x000000000000008c        0x0 /home/psh/tools/avr8/bin/../lib/gcc/avr/7.3.0/../../../../avr/lib/avr51/crtatmega128a.o
                0x000000000000008c                __init
 *(.init0)
 *(.init1)
 *(.init1)
 *(.init2)
 .init2         0x000000000000008c        0xc /home/psh/tools/avr8/bin/../lib/gcc/avr/7.3.0/../../../../avr/lib/avr51/crtatmega128a.o
 *(.init2)
 *(.init3)
 *(.init3)
 *(.init4)
 .init4         0x0000000000000098       0x10 /home/psh/tools/avr8/bin/../lib/gcc/avr/7.3.0/avr51/libgcc.a(_clear_bss.o)
                0x0000000000000098                __do_clear_bss
 .init4         0x00000000000000a8       0x1a /home/psh/tools/avr8/bin/../lib/gcc/avr/7.3.0/avr51/libgcc.a(_copy_data.o)
                0x00000000000000a8                __do_copy_data
 *(.init4)
 *(.init5)
 *(.init5)
 *(.init6)
 *(.init6)
 *(.init7)
 *(.init7)
 *(.init8)
 *(.init8)
 *(.init9)
 .init9         0x00000000000000c2        0x8 /home/psh/tools/avr8/bin/../lib/gcc/avr/7.3.0/../../../../avr/lib/avr51/crtatmega128a.o
 *(.init9)
 *(.text)
 .text          0x00000000000000ca        0x4 /home/psh/tools/avr8/bin/../lib/gcc/avr/7.3.0/../../../../avr/lib/avr51/crtatmega128a.o
                0x00000000000000ca                __vector_22
                0x00000000000000ca                __vector_28
                0x00000000000000ca                __vector_1
                0x00000000000000ca                __vector_32
                0x00000000000000ca                __vector_34
                0x00000000000000ca                __vector_24
                0x00000000000000ca                __vector_12
                0x00000000000000ca                __bad_interrupt
                0x00000000000000ca                __vector_31
                0x00000000000000ca                __vector_3
                0x00000000000000ca                __vector_23
                0x00000000000000ca                __vector_30
                0x00000000000000ca                __vector_25
                0x00000000000000ca                __vector_11
                0x00000000000000ca                __vector_13
                0x00000000000000ca                __vector_17
                0x00000000000000ca                __vector_19
                0x00000000000000ca                __vector_7
                0x00000000000000ca                __vector_27
                0x00000000000000ca                __vector_5
                0x00000000000000ca                __vector_33
                0x00000000000000ca                __vector_4
                0x00000000000000ca                __vector_9
                0x00000000000000ca                __vector_2
                0x00000000000000ca                __vector_21
                0x00000000000000ca                __vector_15
                0x00000000000000ca                __vector_29
                0x00000000000000ca                __vector_8
                0x00000000000000ca                __vector_26
                0x00000000000000ca                __vector_14
                0x00000000000000ca                __vector_10
                0x00000000000000ca                __vector_16
                0x00000000000000ca                __vector_20
 .text          0x00000000000000ce       0x74 /tmp/ccwefcQg.ltrans0.ltrans.o
                0x00000000000000d6                __vector_18
                0x000000000000012e                __vector_6
                0x0000000000000142                . = ALIGN (0x2)
 *(.text.*)
 .text.startup  0x0000000000000142       0x3a /tmp/ccwefcQg.ltrans0.ltrans.o
                0x0000000000000142                main
 .text.avr-libc
                0x000000000000017c       0x28 /home/psh/tools/avr8/bin/../lib/gcc/avr/7.3.0/../../../../avr/lib/avr51/libc.a(printf.o)
                0x000000000000017c                printf
 .text.avr-libc
                0x00000000000001a4      0x406 /home/psh/tools/avr8/bin/../lib/gcc/avr/7.3.0/../../../../avr/lib/avr51/libc.a(vfprintf_std.o)
                0x00000000000001a4                vfprintf
 .text.avr-libc
                0x00000000000005aa       0x16 /home/psh/tools/avr8/bin/../lib/gcc/avr/7.3.0/../../../../avr/lib/avr51/libc.a(strnlen_P.o)
                0x00000000000005aa                strnlen_P
 .text.avr-libc
                0x00000000000005c0       0x16 /home/psh/tools/avr8/bin/../lib/gcc/avr/7.3.0/../../../../avr/lib/avr51/libc.a(strnlen.o)
                0x00000000000005c0                strnlen
 .text.avr-libc
                0x00000000000005d6       0x60 /home/psh/tools/avr8/bin/../lib/gcc/avr/7.3.0/../../../../avr/lib/avr51/libc.a(fputc.o)
                0x00000000000005d6                fputc
 .text.avr-libc
                0x0000000000000636       0xbc /home/psh/tools/avr8/bin/../lib/gcc/avr/7.3.0/../../../../avr/lib/avr51/libc.a(ultoa_invert.o)
                0x0000000000000636                __ultoa_invert
                0x00000000000006f2                . = ALIGN (0x2)
 *(.fini9)
 .fini9         0x00000000000006f2        0x0 /home/psh/tools/avr8/bin/../lib/gcc/avr/7.3.0/avr51/libgcc.a(_exit.o)
                0x00000000000006f2                exit
                0x00000000000006f2                _exit
 *(.fini9)
 *(.fini8)
 *(.fini8)
 *(.fini7)
 *(.fini7)
 *(.fini6)
 *(.fini6)
 *(.fini5)
 *(.fini5)
 *(.fini4)
 *(.fini4)
 *(.fini3)
 *(.fini3)
 *(.fini2)
 *(.fini2)
 *(.fini1)
 *(.fini1)
 *(.fini0)
 .fini0         0x00000000000006f2        0x4 /home/psh/tools/avr8/bin/../lib/gcc/avr/7.3.0/avr51/libgcc.a(_exit.o)
 *(.fini0)
                0x00000000000006f6                _etext = .

.data           0x0000000000800100        0xe load address 0x00000000000006f6
                0x0000000000800100                PROVIDE (__data_start, .)
 *(.data)
 .data          0x0000000000800100        0xe /tmp/ccwefcQg.ltrans0.ltrans.o
 *(.data*)
 *(.gnu.linkonce.d*)
 *(.rodata)
 *(.rodata*)
 *(.gnu.linkonce.r*)
                0x000000000080010e                . = ALIGN (0x2)
                0x000000000080010e                _edata = .
                0x000000000080010e                PROVIDE (__data_end, .)

.bss            0x000000000080010e       0x6c
                0x000000000080010e                PROVIDE (__bss_start, .)
 *(.bss)
 .bss           0x000000000080010e       0x66 /tmp/ccwefcQg.ltrans0.ltrans.o
 *(.bss*)
 *(COMMON)
 COMMON         0x0000000000800174        0x6 /home/psh/tools/avr8/bin/../lib/gcc/avr/7.3.0/../../../../avr/lib/avr51/libc.a(iob.o)
                0x0000000000800174                __iob
                0x000000000080017a                PROVIDE (__bss_end, .)
                0x00000000000006f6                __data_load_start = LOADADDR (.data)
                0x0000000000000704                __data_load_end = (__data_load_start + SIZEOF (.data))

.noinit         0x000000000080017a        0x0
                [!provide]                        PROVIDE (__noinit_start, .)
 *(.noinit*)
                [!provide]                        PROVIDE (__noinit_end, .)
                0x000000000080017a                _end = .
                [!provide]                        PROVIDE (__heap_start, .)

.eeprom         0x0000000000810000        0x0
 *(.eeprom*)
                0x0000000000810000                __eeprom_end = .

.fuse
 *(.fuse)
 *(.lfuse)
 *(.hfuse)
 *(.efuse)

.lock
 *(.lock*)

.signature
 *(.signature*)

.user_signatures
 *(.user_signatures*)

.stab
 *(.stab)

.stabstr
 *(.stabstr)

.stab.excl
 *(.stab.excl)

.stab.exclstr
 *(.stab.exclstr)

.stab.index
 *(.stab.index)

.stab.indexstr
 *(.stab.indexstr)

.comment        0x0000000000000000       0x5c
 *(.comment)
 .comment       0x0000000000000000       0x30 /tmp/ccwefcQg.ltrans0.ltrans.o
                                         0x31 (size before relaxing)
 .comment       0x0000000000000030       0x2c /home/psh/tools/avr8/bin/../lib/gcc/avr/7.3.0/../../../../avr/lib/avr51/libc.a(iob.o)
                                         0x2d (size before relaxing)
 .comment       0x000000000000005c       0x2d /home/psh/tools/avr8/bin/../lib/gcc/avr/7.3.0/../../../../avr/lib/avr51/libc.a(printf.o)
 .comment       0x000000000000005c       0x2d /home/psh/tools/avr8/bin/../lib/gcc/avr/7.3.0/../../../../avr/lib/avr51/libc.a(vfprintf_std.o)
 .comment       0x000000000000005c       0x2d /home/psh/tools/avr8/bin/../lib/gcc/avr/7.3.0/../../../../avr/lib/avr51/libc.a(fputc.o)

.note.gnu.avr.deviceinfo
                0x0000000000000000       0x40
 .note.gnu.avr.deviceinfo
                0x0000000000000000       0x40 /home/psh/tools/avr8/bin/../lib/gcc/avr/7.3.0/../../../../avr/lib/avr51/crtatmega128a.o

.note.gnu.build-id
 *(.note.gnu.build-id)

.debug
 *(.debug)

.line
 *(.line)

.debug_srcinfo
 *(.debug_srcinfo)

.debug_sfnames
 *(.debug_sfnames)

.debug_aranges  0x0000000000000000       0x28
 *(.debug_aranges)
 .debug_aranges
                0x0000000000000000       0x28 /tmp/ccwefcQg.ltrans0.ltrans.o

.debug_pubnames
 *(.debug_pubnames)

.debug_info     0x0000000000000000      0x9f5
 *(.debug_info .gnu.linkonce.wi.*)
 .debug_info    0x0000000000000000      0x780 /home/psh/tools/avr8/bin/../lib/gcc/avr/7.3.0/../../../../avr/lib/avr51/crtatmega128a.o
 .debug_info    0x0000000000000780      0x275 /tmp/ccwefcQg.ltrans0.ltrans.o

.debug_abbrev   0x0000000000000000      0x8da
 *(.debug_abbrev)
 .debug_abbrev  0x0000000000000000      0x718 /home/psh/tools/avr8/bin/../lib/gcc/avr/7.3.0/../../../../avr/lib/avr51/crtatmega128a.o
 .debug_abbrev  0x0000000000000718      0x1c2 /tmp/ccwefcQg.ltrans0.ltrans.o

.debug_line     0x0000000000000000      0x1f8
 *(.debug_line .debug_line.* .debug_line_end)
 .debug_line    0x0000000000000000       0x1a /home/psh/tools/avr8/bin/../lib/gcc/avr/7.3.0/../../../../avr/lib/avr51/crtatmega128a.o
 .debug_line    0x000000000000001a      0x1de /tmp/ccwefcQg.ltrans0.ltrans.o

.debug_frame    0x0000000000000000       0x8c
 *(.debug_frame)
 .debug_frame   0x0000000000000000       0x8c /tmp/ccwefcQg.ltrans0.ltrans.o

.debug_str      0x0000000000000000      0x411
 *(.debug_str)
 .debug_str     0x0000000000000000      0x27d /home/psh/tools/avr8/bin/../lib/gcc/avr/7.3.0/../../../../avr/lib/avr51/crtatmega128a.o
 .debug_str     0x000000000000027d      0x194 /tmp/ccwefcQg.ltrans0.ltrans.o
                                        0x19e (size before relaxing)

.debug_loc      0x0000000000000000       0xec
 *(.debug_loc)
 .debug_loc     0x0000000000000000       0xec /tmp/ccwefcQg.ltrans0.ltrans.o

.debug_macinfo
 *(.debug_macinfo)

.debug_weaknames
 *(.debug_weaknames)

.debug_funcnames
 *(.debug_funcnames)

.debug_typenames
 *(.debug_typenames)

.debug_varnames
 *(.debug_varnames)

.debug_pubtypes
 *(.debug_pubtypes)

.debug_ranges   0x0000000000000000       0x18
 *(.debug_ranges)
 .debug_ranges  0x0000000000000000       0x18 /tmp/ccwefcQg.ltrans0.ltrans.o

.debug_macro
 *(.debug_macro)
OUTPUT(atmega128a.elf elf32-avr)
LOAD linker stubs

Cross Reference Table

Symbol                                            File
LCD_Data                                          CMakeFiles/atmega128a.elf.dir/src/driver/lcd.c.obj (symbol from plugin)
LCD_Data_4Bit                                     CMakeFiles/atmega128a.elf.dir/src/driver/lcd.c.obj (symbol from plugin)
LCD_EnablePin                                     CMakeFiles/atmega128a.elf.dir/src/driver/lcd.c.obj (symbol from plugin)
LCD_GotoXY                                        CMakeFiles/atmega128a.elf.dir/src/driver/lcd.c.obj (symbol from plugin)
LCD_Init                                          CMakeFiles/atmega128a.elf.dir/src/driver/lcd.c.obj (symbol from plugin)
LCD_WriteCommand                                  CMakeFiles/atmega128a.elf.dir/src/driver/lcd.c.obj (symbol from plugin)
LCD_WriteData                                     CMakeFiles/atmega128a.elf.dir/src/driver/lcd.c.obj (symbol from plugin)
LCD_WritePin                                      CMakeFiles/atmega128a.elf.dir/src/driver/lcd.c.obj (symbol from plugin)
LCD_WriteString                                   CMakeFiles/atmega128a.elf.dir/src/driver/lcd.c.obj (symbol from plugin)
LCD_WriteStringXY                                 CMakeFiles/atmega128a.elf.dir/src/driver/lcd.c.obj (symbol from plugin)
OUTPUT                                            CMakeFiles/atmega128a.elf.dir/src/driver/uart0_int.c.obj (symbol from plugin)
                                                  CMakeFiles/atmega128a.elf.dir/src/ap/ap.c.obj (symbol from plugin)
UART0_Init                                        CMakeFiles/atmega128a.elf.dir/src/driver/uart0_int.c.obj (symbol from plugin)
                                                  CMakeFiles/atmega128a.elf.dir/src/driver/uart0.c.obj (symbol from plugin)
                                                  CMakeFiles/atmega128a.elf.dir/src/ap/ap.c.obj (symbol from plugin)
UART0_Receive                                     CMakeFiles/atmega128a.elf.dir/src/driver/uart0_int.c.obj (symbol from plugin)
                                                  CMakeFiles/atmega128a.elf.dir/src/driver/uart0.c.obj (symbol from plugin)
UART0_Transmit                                    CMakeFiles/atmega128a.elf.dir/src/driver/uart0_int.c.obj (symbol from plugin)
                                                  CMakeFiles/atmega128a.elf.dir/src/driver/uart0.c.obj (symbol from plugin)
__DATA_REGION_LENGTH__                            /home/psh/tools/avr8/bin/../lib/gcc/avr/7.3.0/../../../../avr/lib/avr51/crtatmega128a.o
__DATA_REGION_ORIGIN__                            /home/psh/tools/avr8/bin/../lib/gcc/avr/7.3.0/../../../../avr/lib/avr51/crtatmega128a.o
__EEPROM_REGION_LENGTH__                          /home/psh/tools/avr8/bin/../lib/gcc/avr/7.3.0/../../../../avr/lib/avr51/crtatmega128a.o
__FUSE_REGION_LENGTH__                            /home/psh/tools/avr8/bin/../lib/gcc/avr/7.3.0/../../../../avr/lib/avr51/crtatmega128a.o
__TEXT_REGION_LENGTH__                            /home/psh/tools/avr8/bin/../lib/gcc/avr/7.3.0/../../../../avr/lib/avr51/crtatmega128a.o
__TEXT_REGION_ORIGIN__                            /home/psh/tools/avr8/bin/../lib/gcc/avr/7.3.0/../../../../avr/lib/avr51/crtatmega128a.o
__bad_interrupt                                   /home/psh/tools/avr8/bin/../lib/gcc/avr/7.3.0/../../../../avr/lib/avr51/crtatmega128a.o
__bss_end                                         /home/psh/tools/avr8/bin/../lib/gcc/avr/7.3.0/avr51/libgcc.a(_clear_bss.o)
__bss_start                                       /home/psh/tools/avr8/bin/../lib/gcc/avr/7.3.0/avr51/libgcc.a(_clear_bss.o)
__data_end                                        /home/psh/tools/avr8/bin/../lib/gcc/avr/7.3.0/avr51/libgcc.a(_copy_data.o)
__data_load_start                                 /home/psh/tools/avr8/bin/../lib/gcc/avr/7.3.0/avr51/libgcc.a(_copy_data.o)
__data_start                                      /home/psh/tools/avr8/bin/../lib/gcc/avr/7.3.0/avr51/libgcc.a(_copy_data.o)
__do_clear_bss                                    /home/psh/tools/avr8/bin/../lib/gcc/avr/7.3.0/avr51/libgcc.a(_clear_bss.o)
                                                  /tmp/ccwefcQg.ltrans0.ltrans.o
                                                  /home/psh/tools/avr8/bin/../lib/gcc/avr/7.3.0/../../../../avr/lib/avr51/libc.a(iob.o)
__do_copy_data                                    /home/psh/tools/avr8/bin/../lib/gcc/avr/7.3.0/avr51/libgcc.a(_copy_data.o)
                                                  /tmp/ccwefcQg.ltrans0.ltrans.o
__heap_end                                        /home/psh/tools/avr8/bin/../lib/gcc/avr/7.3.0/../../../../avr/lib/avr51/crtatmega128a.o
__init                                            /home/psh/tools/avr8/bin/../lib/gcc/avr/7.3.0/../../../../avr/lib/avr51/crtatmega128a.o
__iob                                             /home/psh/tools/avr8/bin/../lib/gcc/avr/7.3.0/../../../../avr/lib/avr51/libc.a(iob.o)
                                                  /home/psh/tools/avr8/bin/../lib/gcc/avr/7.3.0/../../../../avr/lib/avr51/libc.a(printf.o)
                                                  /tmp/ccwefcQg.ltrans0.ltrans.o
                                                  CMakeFiles/atmega128a.elf.dir/src/ap/ap.c.obj (symbol from plugin)
__stack                                           /home/psh/tools/avr8/bin/../lib/gcc/avr/7.3.0/../../../../avr/lib/avr51/crtatmega128a.o
__ultoa_invert                                    /home/psh/tools/avr8/bin/../lib/gcc/avr/7.3.0/../../../../avr/lib/avr51/libc.a(ultoa_invert.o)
                                                  /home/psh/tools/avr8/bin/../lib/gcc/avr/7.3.0/../../../../avr/lib/avr51/libc.a(vfprintf_std.o)
__vector_1                                        /home/psh/tools/avr8/bin/../lib/gcc/avr/7.3.0/../../../../avr/lib/avr51/crtatmega128a.o
__vector_10                                       /home/psh/tools/avr8/bin/../lib/gcc/avr/7.3.0/../../../../avr/lib/avr51/crtatmega128a.o
__vector_11                                       /home/psh/tools/avr8/bin/../lib/gcc/avr/7.3.0/../../../../avr/lib/avr51/crtatmega128a.o
__vector_12                                       /home/psh/tools/avr8/bin/../lib/gcc/avr/7.3.0/../../../../avr/lib/avr51/crtatmega128a.o
__vector_13                                       /home/psh/tools/avr8/bin/../lib/gcc/avr/7.3.0/../../../../avr/lib/avr51/crtatmega128a.o
__vector_14                                       /home/psh/tools/avr8/bin/../lib/gcc/avr/7.3.0/../../../../avr/lib/avr51/crtatmega128a.o
__vector_15                                       /home/psh/tools/avr8/bin/../lib/gcc/avr/7.3.0/../../../../avr/lib/avr51/crtatmega128a.o
__vector_16                                       /home/psh/tools/avr8/bin/../lib/gcc/avr/7.3.0/../../../../avr/lib/avr51/crtatmega128a.o
__vector_17                                       /home/psh/tools/avr8/bin/../lib/gcc/avr/7.3.0/../../../../avr/lib/avr51/crtatmega128a.o
__vector_18                                       /tmp/ccwefcQg.ltrans0.ltrans.o
                                                  CMakeFiles/atmega128a.elf.dir/src/driver/uart0_int.c.obj (symbol from plugin)
                                                  /home/psh/tools/avr8/bin/../lib/gcc/avr/7.3.0/../../../../avr/lib/avr51/crtatmega128a.o
__vector_19                                       /home/psh/tools/avr8/bin/../lib/gcc/avr/7.3.0/../../../../avr/lib/avr51/crtatmega128a.o
__vector_2                                        /home/psh/tools/avr8/bin/../lib/gcc/avr/7.3.0/../../../../avr/lib/avr51/crtatmega128a.o
__vector_20                                       /home/psh/tools/avr8/bin/../lib/gcc/avr/7.3.0/../../../../avr/lib/avr51/crtatmega128a.o
__vector_21                                       /home/psh/tools/avr8/bin/../lib/gcc/avr/7.3.0/../../../../avr/lib/avr51/crtatmega128a.o
__vector_22                                       /home/psh/tools/avr8/bin/../lib/gcc/avr/7.3.0/../../../../avr/lib/avr51/crtatmega128a.o
__vector_23                                       /home/psh/tools/avr8/bin/../lib/gcc/avr/7.3.0/../../../../avr/lib/avr51/crtatmega128a.o
__vector_24                                       /home/psh/tools/avr8/bin/../lib/gcc/avr/7.3.0/../../../../avr/lib/avr51/crtatmega128a.o
__vector_25                                       /home/psh/tools/avr8/bin/../lib/gcc/avr/7.3.0/../../../../avr/lib/avr51/crtatmega128a.o
__vector_26                                       /home/psh/tools/avr8/bin/../lib/gcc/avr/7.3.0/../../../../avr/lib/avr51/crtatmega128a.o
__vector_27                                       /home/psh/tools/avr8/bin/../lib/gcc/avr/7.3.0/../../../../avr/lib/avr51/crtatmega128a.o
__vector_28                                       /home/psh/tools/avr8/bin/../lib/gcc/avr/7.3.0/../../../../avr/lib/avr51/crtatmega128a.o
__vector_29                                       /home/psh/tools/avr8/bin/../lib/gcc/avr/7.3.0/../../../../avr/lib/avr51/crtatmega128a.o
__vector_3                                        /home/psh/tools/avr8/bin/../lib/gcc/avr/7.3.0/../../../../avr/lib/avr51/crtatmega128a.o
__vector_30                                       /home/psh/tools/avr8/bin/../lib/gcc/avr/7.3.0/../../../../avr/lib/avr51/crtatmega128a.o
__vector_31                                       /home/psh/tools/avr8/bin/../lib/gcc/avr/7.3.0/../../../../avr/lib/avr51/crtatmega128a.o
__vector_32                                       /home/psh/tools/avr8/bin/../lib/gcc/avr/7.3.0/../../../../avr/lib/avr51/crtatmega128a.o
__vector_33                                       /home/psh/tools/avr8/bin/../lib/gcc/avr/7.3.0/../../../../avr/lib/avr51/crtatmega128a.o
__vector_34                                       /home/psh/tools/avr8/bin/../lib/gcc/avr/7.3.0/../../../../avr/lib/avr51/crtatmega128a.o
__vector_4                                        /home/psh/tools/avr8/bin/../lib/gcc/avr/7.3.0/../../../../avr/lib/avr51/crtatmega128a.o
__vector_5                                        /home/psh/tools/avr8/bin/../lib/gcc/avr/7.3.0/../../../../avr/lib/avr51/crtatmega128a.o
__vector_6                                        /tmp/ccwefcQg.ltrans0.ltrans.o
                                                  CMakeFiles/atmega128a.elf.dir/src/driver/sub_motor.c.obj (symbol from plugin)
                                                  /home/psh/tools/avr8/bin/../lib/gcc/avr/7.3.0/../../../../avr/lib/avr51/crtatmega128a.o
__vector_7                                        /home/psh/tools/avr8/bin/../lib/gcc/avr/7.3.0/../../../../avr/lib/avr51/crtatmega128a.o
__vector_8                                        /home/psh/tools/avr8/bin/../lib/gcc/avr/7.3.0/../../../../avr/lib/avr51/crtatmega128a.o
__vector_9                                        /home/psh/tools/avr8/bin/../lib/gcc/avr/7.3.0/../../../../avr/lib/avr51/crtatmega128a.o
__vector_default                                  /home/psh/tools/avr8/bin/../lib/gcc/avr/7.3.0/../../../../avr/lib/avr51/crtatmega128a.o
__vectors                                         /home/psh/tools/avr8/bin/../lib/gcc/avr/7.3.0/../../../../avr/lib/avr51/crtatmega128a.o
_exit                                             /home/psh/tools/avr8/bin/../lib/gcc/avr/7.3.0/avr51/libgcc.a(_exit.o)
apMain                                            CMakeFiles/atmega128a.elf.dir/src/ap/ap.c.obj (symbol from plugin)
                                                  CMakeFiles/atmega128a.elf.dir/main.c.obj (symbol from plugin)
currentPwm                                        CMakeFiles/atmega128a.elf.dir/src/driver/sub_motor.c.obj (symbol from plugin)
                                                  CMakeFiles/atmega128a.elf.dir/src/driver/main_motor.c.obj (symbol from plugin)
                                                  CMakeFiles/atmega128a.elf.dir/src/driver/led8.c.obj (symbol from plugin)
                                                  CMakeFiles/atmega128a.elf.dir/src/ap/ap.c.obj (symbol from plugin)
                                                  CMakeFiles/atmega128a.elf.dir/main.c.obj (symbol from plugin)
exit                                              /home/psh/tools/avr8/bin/../lib/gcc/avr/7.3.0/avr51/libgcc.a(_exit.o)
                                                  /home/psh/tools/avr8/bin/../lib/gcc/avr/7.3.0/../../../../avr/lib/avr51/crtatmega128a.o
fputc                                             /home/psh/tools/avr8/bin/../lib/gcc/avr/7.3.0/../../../../avr/lib/avr51/libc.a(fputc.o)
                                                  /home/psh/tools/avr8/bin/../lib/gcc/avr/7.3.0/../../../../avr/lib/avr51/libc.a(vfprintf_std.o)
handleSubMotor                                    CMakeFiles/atmega128a.elf.dir/src/driver/sub_motor.c.obj (symbol from plugin)
isIncreasing                                      CMakeFiles/atmega128a.elf.dir/src/driver/sub_motor.c.obj (symbol from plugin)
                                                  CMakeFiles/atmega128a.elf.dir/src/driver/main_motor.c.obj (symbol from plugin)
                                                  CMakeFiles/atmega128a.elf.dir/src/driver/led8.c.obj (symbol from plugin)
                                                  CMakeFiles/atmega128a.elf.dir/src/ap/ap.c.obj (symbol from plugin)
                                                  CMakeFiles/atmega128a.elf.dir/main.c.obj (symbol from plugin)
isMainMotorRunning                                CMakeFiles/atmega128a.elf.dir/src/driver/main_motor.c.obj (symbol from plugin)
                                                  CMakeFiles/atmega128a.elf.dir/src/driver/sub_motor.c.obj (symbol from plugin)
                                                  CMakeFiles/atmega128a.elf.dir/src/driver/led8.c.obj (symbol from plugin)
                                                  CMakeFiles/atmega128a.elf.dir/src/ap/ap.c.obj (symbol from plugin)
                                                  CMakeFiles/atmega128a.elf.dir/main.c.obj (symbol from plugin)
isSubMotorRunning                                 CMakeFiles/atmega128a.elf.dir/src/driver/sub_motor.c.obj (symbol from plugin)
                                                  CMakeFiles/atmega128a.elf.dir/src/driver/main_motor.c.obj (symbol from plugin)
                                                  CMakeFiles/atmega128a.elf.dir/src/driver/led8.c.obj (symbol from plugin)
                                                  CMakeFiles/atmega128a.elf.dir/src/ap/ap.c.obj (symbol from plugin)
                                                  CMakeFiles/atmega128a.elf.dir/main.c.obj (symbol from plugin)
led8Init                                          CMakeFiles/atmega128a.elf.dir/src/driver/led8.c.obj (symbol from plugin)
ledone                                            CMakeFiles/atmega128a.elf.dir/src/driver/led8.c.obj (symbol from plugin)
                                                  CMakeFiles/atmega128a.elf.dir/src/driver/sub_motor.c.obj (symbol from plugin)
                                                  CMakeFiles/atmega128a.elf.dir/src/driver/main_motor.c.obj (symbol from plugin)
ledtwo                                            CMakeFiles/atmega128a.elf.dir/src/driver/led8.c.obj (symbol from plugin)
                                                  CMakeFiles/atmega128a.elf.dir/src/driver/sub_motor.c.obj (symbol from plugin)
                                                  CMakeFiles/atmega128a.elf.dir/src/driver/main_motor.c.obj (symbol from plugin)
ledzero                                           CMakeFiles/atmega128a.elf.dir/src/driver/led8.c.obj (symbol from plugin)
                                                  CMakeFiles/atmega128a.elf.dir/src/driver/main_motor.c.obj (symbol from plugin)
main                                              /tmp/ccwefcQg.ltrans0.ltrans.o
                                                  CMakeFiles/atmega128a.elf.dir/main.c.obj (symbol from plugin)
                                                  /home/psh/tools/avr8/bin/../lib/gcc/avr/7.3.0/../../../../avr/lib/avr51/crtatmega128a.o
mainMotorHandler                                  CMakeFiles/atmega128a.elf.dir/src/driver/main_motor.c.obj (symbol from plugin)
mainMotorInit                                     CMakeFiles/atmega128a.elf.dir/src/driver/main_motor.c.obj (symbol from plugin)
myledInit                                         CMakeFiles/atmega128a.elf.dir/src/driver/myled.c.obj (symbol from plugin)
printf                                            /home/psh/tools/avr8/bin/../lib/gcc/avr/7.3.0/../../../../avr/lib/avr51/libc.a(printf.o)
                                                  /tmp/ccwefcQg.ltrans0.ltrans.o
rxBuff                                            CMakeFiles/atmega128a.elf.dir/src/driver/uart0_int.c.obj (symbol from plugin)
                                                  CMakeFiles/atmega128a.elf.dir/src/ap/ap.c.obj (symbol from plugin)
rxFlag                                            CMakeFiles/atmega128a.elf.dir/src/driver/uart0_int.c.obj (symbol from plugin)
                                                  CMakeFiles/atmega128a.elf.dir/src/ap/ap.c.obj (symbol from plugin)
segfour                                           CMakeFiles/atmega128a.elf.dir/src/driver/myled.c.obj (symbol from plugin)
segone                                            CMakeFiles/atmega128a.elf.dir/src/driver/myled.c.obj (symbol from plugin)
                                                  CMakeFiles/atmega128a.elf.dir/src/driver/main_motor.c.obj (symbol from plugin)
segthree                                          CMakeFiles/atmega128a.elf.dir/src/driver/myled.c.obj (symbol from plugin)
segtwo                                            CMakeFiles/atmega128a.elf.dir/src/driver/myled.c.obj (symbol from plugin)
                                                  CMakeFiles/atmega128a.elf.dir/src/driver/main_motor.c.obj (symbol from plugin)
segzero                                           CMakeFiles/atmega128a.elf.dir/src/driver/myled.c.obj (symbol from plugin)
                                                  CMakeFiles/atmega128a.elf.dir/src/driver/main_motor.c.obj (symbol from plugin)
strnlen                                           /home/psh/tools/avr8/bin/../lib/gcc/avr/7.3.0/../../../../avr/lib/avr51/libc.a(strnlen.o)
                                                  /home/psh/tools/avr8/bin/../lib/gcc/avr/7.3.0/../../../../avr/lib/avr51/libc.a(vfprintf_std.o)
strnlen_P                                         /home/psh/tools/avr8/bin/../lib/gcc/avr/7.3.0/../../../../avr/lib/avr51/libc.a(strnlen_P.o)
                                                  /home/psh/tools/avr8/bin/../lib/gcc/avr/7.3.0/../../../../avr/lib/avr51/libc.a(vfprintf_std.o)
subMotorInit                                      CMakeFiles/atmega128a.elf.dir/src/driver/sub_motor.c.obj (symbol from plugin)
vfprintf                                          /home/psh/tools/avr8/bin/../lib/gcc/avr/7.3.0/../../../../avr/lib/avr51/libc.a(vfprintf_std.o)
                                                  /home/psh/tools/avr8/bin/../lib/gcc/avr/7.3.0/../../../../avr/lib/avr51/libc.a(printf.o)
